/media/raimanish/Local Disk/vscode_workspace/compileinfo/sample.c: In function ‘main’:
/media/raimanish/Local Disk/vscode_workspace/compileinfo/sample.c:10:4: warning: array subscript is above array bounds [-Warray-bounds]
   b[5]='a';
    ^
In file included from /usr/include/string.h:639:0,
                 from /media/raimanish/Local Disk/vscode_workspace/compileinfo/sample.c:2:
In function ‘strcpy’,
    inlined from ‘main’ at /media/raimanish/Local Disk/vscode_workspace/compileinfo/sample.c:7:3:
/usr/include/i386-linux-gnu/bits/string3.h:110:3: warning: call to __builtin___memcpy_chk will always overflow destination buffer
   return __builtin___strcpy_chk (__dest, __src, __bos (__dest));
   ^
